main.c:96:6:ShuMaGuan_Enable	112	static
main.c:106:6:Change_BUFF	16	static
main.c:109:6:Write_Number_to_ST	24	static
main.c:117:6:Write_Dot	16	static
main.c:120:6:Lighten_ShuMaGuan	8	static
main.c:124:6:Write_Buff	32	static
main.c:131:6:Display_1	16	static
main.c:140:6:Display_1_Dot	16	static
main.c:167:6:Display_Buff	16	static
main.c:198:6:decode	32	static
main.c:272:19:RTC_SetMy_Time	48	static
main.c:291:5:main	176	static
main.c:711:6:SystemClock_Config	88	static
main.c:757:13:MX_RTC_Init	32	static
main.c:819:13:MX_TIM1_Init	32	static
main.c:865:13:MX_TIM2_Init	32	static
main.c:910:13:MX_TIM4_Init	32	static
main.c:955:13:MX_USART1_UART_Init	8	static
main.c:988:13:MX_GPIO_Init	48	static
main.c:1051:27:_write	24	static
main.c:1057:6:HAL_TIM_PeriodElapsedCallback	40	static
main.c:1077:6:Error_Handler	4	static,ignoring_inline_asm
